Hi this is producer thread pool-1-thread-1
Hi this is producer thread pool-1-thread-2
Hi this is producer thread pool-1-thread-1
Hi this is producer thread pool-1-thread-2
Hi this is producer thread pool-1-thread-2
Hi this is producer thread pool-1-thread-2
Hi this is producer thread pool-1-thread-2
Hi this is producer thread pool-1-thread-2
Hi this is producer thread pool-1-thread-1
Hi this is producer thread pool-1-thread-2
Hi this is producer thread pool-1-thread-2
Hi this is producer thread pool-1-thread-1
Hi this is producer thread pool-1-thread-1
Hi this is producer thread pool-1-thread-1
Hi this is producer thread pool-1-thread-1
Hi this is producer thread pool-1-thread-2
Hi this is producer thread pool-1-thread-2
Hi this is producer thread pool-1-thread-1
Hi this is producer thread pool-1-thread-1
Hi this is producer thread pool-1-thread-1
Hi this is producer thread pool-1-thread-2
Hi this is producer thread pool-1-thread-2
Hi this is producer thread pool-1-thread-2
Hi this is producer thread pool-1-thread-2
Hi this is producer thread pool-1-thread-2
Hi this is producer thread pool-1-thread-2
Hi this is producer thread pool-1-thread-2
Hi this is producer thread pool-1-thread-2
Hi this is producer thread pool-1-thread-2
Hi this is producer thread pool-1-thread-2
Hi this is producer thread pool-1-thread-1
Hi this is producer thread pool-1-thread-1
Hi this is producer thread pool-1-thread-1
Hi this is producer thread pool-1-thread-1
Hi this is producer thread pool-1-thread-1
Hi this is producer thread pool-1-thread-1
Hi this is producer thread pool-1-thread-1
Hi this is producer thread pool-1-thread-1
Hi this is producer thread pool-1-thread-1
Hi this is producer thread pool-1-thread-1
Hi this is producer thread pool-1-thread-2
Hi this is producer thread pool-1-thread-1
Hi this is producer thread pool-1-thread-2
Hi this is producer thread pool-1-thread-1
Hi this is producer thread pool-1-thread-2
Hi this is producer thread pool-1-thread-2
Hi this is producer thread pool-1-thread-2
Hi this is producer thread pool-1-thread-1
Hi this is producer thread pool-1-thread-1
Hi this is producer thread pool-1-thread-1
Hi this is producer thread pool-1-thread-1
Hi this is producer thread pool-1-thread-1
Hi this is producer thread pool-1-thread-1
Hi this is producer thread pool-1-thread-1
Hi this is producer thread pool-1-thread-1
Hi this is producer thread pool-1-thread-2
Hi this is producer thread pool-1-thread-2
Hi this is producer thread pool-1-thread-2
Hi this is producer thread pool-1-thread-2
Hi this is producer thread pool-1-thread-2
Hi this is producer thread pool-1-thread-1
Hi this is producer thread pool-1-thread-1
Hi this is producer thread pool-1-thread-1
Hi this is producer thread pool-1-thread-1
Hi this is producer thread pool-1-thread-1
Hi this is producer thread pool-1-thread-1
Hi this is producer thread pool-1-thread-1
Hi this is producer thread pool-1-thread-1
Hi this is producer thread pool-1-thread-1
Hi this is producer thread pool-1-thread-2
Hi this is producer thread pool-1-thread-1
Hi this is producer thread pool-1-thread-2
Hi this is producer thread pool-1-thread-2
Hi this is producer thread pool-1-thread-2
Hi this is producer thread pool-1-thread-2
Hi this is producer thread pool-1-thread-2
Hi this is producer thread pool-1-thread-2
Hi this is producer thread pool-1-thread-2
Hi this is producer thread pool-1-thread-2
Hi this is producer thread pool-1-thread-2
Hi this is producer thread pool-1-thread-2
Hi this is producer thread pool-1-thread-2
Hi this is producer thread pool-1-thread-2
Hi this is producer thread pool-1-thread-2
Hi this is producer thread pool-1-thread-2
Hi this is producer thread pool-1-thread-2
Hi this is producer thread pool-1-thread-2
Hi this is producer thread pool-1-thread-2
Hi this is producer thread pool-1-thread-2
Hi this is producer thread pool-1-thread-3
Hi this is producer thread pool-1-thread-2
Hi this is producer thread pool-1-thread-3
Hi this is producer thread pool-1-thread-3
Hi this is producer thread pool-1-thread-3
Hi this is producer thread pool-1-thread-3
Hi this is producer thread pool-1-thread-3
Hi this is producer thread pool-1-thread-3
Hi this is producer thread pool-1-thread-3
Hi this is producer thread pool-1-thread-3
Hi this is producer thread pool-1-thread-3
Hi this is producer thread pool-1-thread-2
Hi this is producer thread pool-1-thread-3
Hi this is producer thread pool-1-thread-2
Hi this is producer thread pool-1-thread-2
Hi this is producer thread pool-1-thread-2
Hi this is producer thread pool-1-thread-2
Hi this is producer thread pool-1-thread-3
Hi this is producer thread pool-1-thread-2
Hi this is producer thread pool-1-thread-3 cnt 1
Hi this is producer thread pool-1-thread-3 cnt 2
Hi this is producer thread pool-1-thread-2 cnt 1
Hi this is producer thread pool-1-thread-3 cnt 3
Hi this is producer thread pool-1-thread-3 cnt 4
Hi this is producer thread pool-1-thread-3 cnt 5
Hi this is producer thread pool-1-thread-2 cnt 5
Hi this is producer thread pool-1-thread-2 cnt 6
Hi this is producer thread pool-1-thread-2 cnt 8
Hi this is producer thread pool-1-thread-2 cnt 13
Hi this is producer thread pool-1-thread-3 cnt 12
Hi this is producer thread pool-1-thread-3 cnt 18
Hi this is producer thread pool-1-thread-3 cnt 19
LogMessage{message='Hi this is producer thread pool-1-thread-2 cnt 1', logLevel=INFO, timestamp=1757654070524}
LogMessage{message='Hi this is producer thread pool-1-thread-3 cnt 1', logLevel=INFO, timestamp=1757654070524}
LogMessage{message='Hi this is producer thread pool-1-thread-2 cnt 2', logLevel=INFO, timestamp=1757654070525}
LogMessage{message='Hi this is producer thread pool-1-thread-3 cnt 2', logLevel=INFO, timestamp=1757654070525}
LogMessage{message='Hi this is producer thread pool-1-thread-2 cnt 3', logLevel=INFO, timestamp=1757654070525}
LogMessage{message='Hi this is producer thread pool-1-thread-3 cnt 3', logLevel=INFO, timestamp=1757654070525}
LogMessage{message='Hi this is producer thread pool-1-thread-2 cnt 1', logLevel=INFO, timestamp=1757654106821}
LogMessage{message='Hi this is producer thread pool-1-thread-3 cnt 1', logLevel=INFO, timestamp=1757654106821}
LogMessage{message='Hi this is producer thread pool-1-thread-2 cnt 2', logLevel=INFO, timestamp=1757654106827}
LogMessage{message='Hi this is producer thread pool-1-thread-3 cnt 2', logLevel=INFO, timestamp=1757654106828}
LogMessage{message='Hi this is producer thread pool-1-thread-2 cnt 3', logLevel=INFO, timestamp=1757654106833}
LogMessage{message='Hi this is producer thread pool-1-thread-3 cnt 3', logLevel=INFO, timestamp=1757654106834}
LogMessage{message='Hi this is producer thread pool-1-thread-2 cnt 4', logLevel=INFO, timestamp=1757654106840}
LogMessage{message='Hi this is producer thread pool-1-thread-3 cnt 4', logLevel=INFO, timestamp=1757654106841}
LogMessage{message='Hi this is producer thread pool-1-thread-2 cnt 5', logLevel=INFO, timestamp=1757654106846}
LogMessage{message='Hi this is producer thread pool-1-thread-3 cnt 5', logLevel=INFO, timestamp=1757654106846}
LogMessage{message='Hi this is producer thread pool-1-thread-3 cnt 6', logLevel=INFO, timestamp=1757654106852}
LogMessage{message='Hi this is producer thread pool-1-thread-2 cnt 6', logLevel=INFO, timestamp=1757654106852}
LogMessage{message='Hi this is producer thread pool-1-thread-3 cnt 7', logLevel=INFO, timestamp=1757654106858}
LogMessage{message='Hi this is producer thread pool-1-thread-2 cnt 7', logLevel=INFO, timestamp=1757654106859}
LogMessage{message='Hi this is producer thread pool-1-thread-3 cnt 8', logLevel=INFO, timestamp=1757654106865}
LogMessage{message='Hi this is producer thread pool-1-thread-2 cnt 8', logLevel=INFO, timestamp=1757654106865}
LogMessage{message='Hi this is producer thread pool-1-thread-3 cnt 9', logLevel=INFO, timestamp=1757654106871}
LogMessage{message='Hi this is producer thread pool-1-thread-2 cnt 9', logLevel=INFO, timestamp=1757654106871}
LogMessage{message='Hi this is producer thread pool-1-thread-3 cnt 10', logLevel=INFO, timestamp=1757654106877}
LogMessage{message='Hi this is producer thread pool-1-thread-2 cnt 10', logLevel=INFO, timestamp=1757654106878}
LogMessage{message='Hi this is producer thread pool-1-thread-2 cnt 11', logLevel=INFO, timestamp=1757654106883}
LogMessage{message='Hi this is producer thread pool-1-thread-3 cnt 11', logLevel=INFO, timestamp=1757654106883}
LogMessage{message='Hi this is producer thread pool-1-thread-2 cnt 12', logLevel=INFO, timestamp=1757654106889}
LogMessage{message='Hi this is producer thread pool-1-thread-3 cnt 12', logLevel=INFO, timestamp=1757654106890}
LogMessage{message='Hi this is producer thread pool-1-thread-2 cnt 13', logLevel=INFO, timestamp=1757654106895}
LogMessage{message='Hi this is producer thread pool-1-thread-3 cnt 13', logLevel=INFO, timestamp=1757654106896}
LogMessage{message='Hi this is producer thread pool-1-thread-2 cnt 14', logLevel=INFO, timestamp=1757654106901}
LogMessage{message='Hi this is producer thread pool-1-thread-3 cnt 14', logLevel=INFO, timestamp=1757654106902}
LogMessage{message='Hi this is producer thread pool-1-thread-2 cnt 15', logLevel=INFO, timestamp=1757654106907}
LogMessage{message='Hi this is producer thread pool-1-thread-3 cnt 15', logLevel=INFO, timestamp=1757654106909}
LogMessage{message='Hi this is producer thread pool-1-thread-2 cnt 16', logLevel=INFO, timestamp=1757654106912}
LogMessage{message='Hi this is producer thread pool-1-thread-3 cnt 16', logLevel=INFO, timestamp=1757654106915}
LogMessage{message='Hi this is producer thread pool-1-thread-2 cnt 17', logLevel=INFO, timestamp=1757654106919}
LogMessage{message='Hi this is producer thread pool-1-thread-3 cnt 17', logLevel=INFO, timestamp=1757654106921}
LogMessage{message='Hi this is producer thread pool-1-thread-2 cnt 18', logLevel=INFO, timestamp=1757654106925}
LogMessage{message='Hi this is producer thread pool-1-thread-3 cnt 18', logLevel=INFO, timestamp=1757654106927}
LogMessage{message='Hi this is producer thread pool-1-thread-2 cnt 19', logLevel=INFO, timestamp=1757654106931}
LogMessage{message='Hi this is producer thread pool-1-thread-3 cnt 19', logLevel=INFO, timestamp=1757654106934}
LogMessage{message='Hi this is producer thread pool-1-thread-2 cnt 20', logLevel=INFO, timestamp=1757654106936}
LogMessage{message='Hi this is producer thread pool-1-thread-3 cnt 20', logLevel=INFO, timestamp=1757654106939}
